cargo :    Compiling redis-rust v0.1.0 (D:\projects\redis-rust)
所在位置 行:1 字符: 1
+ cargo test --lib -- --nocapture 2>&1 | Tee-Object -FilePath test_outp ...
+ ~~~~~~~~~~~~~~~~~~~~~~~~~~~~~~~~~~~~
    + CategoryInfo          : NotSpecified: (   Compiling re...cts\redis-rust):String) [], RemoteException
    + FullyQualifiedErrorId : NativeCommandError
 
warning: static `RESP_OK` is never used
 --> src\server\handler.rs:8:19
  |
8 | pub(crate) static RESP_OK: &[u8] = b"+OK\r\n";
  |                   ^^^^^^^
  |
  = note: `#[warn(dead_code)]` (part of `#[warn(unused)]`) on by default

warning: static `RESP_PONG` is never used
 --> src\server\handler.rs:9:19
  |
9 | pub(crate) static RESP_PONG: &[u8] = b"+PONG\r\n";
  |                   ^^^^^^^^^

warning: static `RESP_ZERO` is never used
  --> src\server\handler.rs:10:19
   |
10 | pub(crate) static RESP_ZERO: &[u8] = b":0\r\n";
   |                   ^^^^^^^^^

warning: static `RESP_ONE` is never used
  --> src\server\handler.rs:11:19
   |
11 | pub(crate) static RESP_ONE: &[u8] = b":1\r\n";
   |                   ^^^^^^^^

warning: static `RESP_NULL` is never used
  --> src\server\handler.rs:12:19
   |
12 | pub(crate) static RESP_NULL: &[u8] = b"$-1\r\n";
   |                   ^^^^^^^^^

warning: function `write_resp_bytes` is never used
  --> src\server\handler.rs:15:21
   |
15 | pub(crate) async fn write_resp_bytes(
   |                     ^^^^^^^^^^^^^^^^

warning: function `write_resp_buf` is never used
  --> src\server\handler.rs:23:21
   |
23 | pub(crate) async fn write_resp_buf(
   |                     ^^^^^^^^^^^^^^

warning: associated items `touch_entry` and `bump_version_in_db` are never used
   --> src\storage\mod.rs:303:8
    |
241 | impl StorageEngine {
    | ------------------ associated items in this implementation
...
303 |     fn touch_entry(entry: &mut Entry, maxmemory: u64) {
    |        ^^^^^^^^^^^
...
815 |     fn bump_version_in_db(&self, db: &Db, key: &str) {
    |        ^^^^^^^^^^^^^^^^^^

error: linking with `C:\Program Files (x86)\Microsoft Visual Studio\2022\BuildTools\VC\Tools\MSVC\14.44.35207\bin\Hostx64\x64\link.exe` failed: exit code: 1104
  |
  = note: "C:\\Program Files (x86)\\Microsoft Visual Studio\\2022\\BuildTools\\VC\\Tools\\MSVC\\14.44.35207\\bin\\Hostx64\\x64\\link.exe" "/NOLOGO" "D:\\projects\\redis-rust\\targ
et\\debug\\deps\\rustcYbXUe0\\symbols.o" "<257 object files omitted>" "D:\\projects\\redis-rust\\target\\debug\\deps/{libcrc32fast-cd7609fa7e4333fc,liblog-78241f34d687ce66}.rlib" 
"<sysroot>\\lib\\rustlib\\x86_64-pc-windows-msvc\\lib/{libtest-*,libgetopts-*,librustc_std_workspace_std-*}.rlib" "D:\\projects\\redis-rust\\target\\debug\\deps/{libordered_float-
fd0763ee28eba335,libmlua-e15085ca0d5bf5c1,libonce_cell-925e17b982876ef0,librustc_hash-4d51ed083c9cbda9,libmlua_sys-1ecb766b0dea8e3b,libnum_traits-92235ac399b05b3f,libbstr-dd8f7086
67071e89,libmemchr-abf7598cc04f591a,libitoa-d198edeb115a1bf2,libthiserror-34ea7978c2a1b867,libtokio-7bd8ed72b29dec47,libsocket2-e7383e1f5bb2ce50,libmio-e8030bdd4b1fa4da,libwindows
_sys-b254e6f18e9ba078,libparking_lot-f3c07b3ee96c01ce,libparking_lot_core-974695864ec7ddda,libwindows_link-efcc998ee6026ba7,libsmallvec-fb81c33160e7245a,liblock_api-6f843cb91d30d5
c9,libscopeguard-8c7030d65776ab8f,libpin_project_lite-f031fa6c5d6de8df,libbytes-03ebdefe44552f56,libsha1-22a521e143cca97f,libcpufeatures-ebf5737f038163eb,libdigest-ab674d71436b88e
6,libblock_buffer-61163eba288aca31,libcrypto_common-702da75d68f9370f,libgeneric_array-8dfba7fa6605cf4b,libtypenum-618f60fa394b4184,librand-87b72ec281df90e1,librand_chacha-6b54d98c
1e7c3390,libppv_lite86-8d418a9d71f278c4,libzerocopy-eda9213f32c6ef22,librand_core-b8bfce2af2aa323b,libgetrandom-e66a7ad5353b3387,libcfg_if-c1e320a7e757546c}.rlib" "<sysroot>\\lib\
\rustlib\\x86_64-pc-windows-msvc\\lib/{libstd-*,libpanic_unwind-*,libcfg_if-*,libwindows_link-*,librustc_demangle-*,libstd_detect-*,libhashbrown-*,librustc_std_workspace_alloc-*,l
ibunwind-*,librustc_std_workspace_core-*,liballoc-*,libcore-*,libcompiler_builtins-*}.rlib" "C:\\Program Files (x86)\\Windows Kits\\10\\Lib\\10.0.26100.0\\um\\x64\\kernel32.lib" "
C:\\Program Files (x86)\\Windows Kits\\10\\Lib\\10.0.26100.0\\um\\x64\\bcrypt.lib" "C:\\Program Files (x86)\\Windows Kits\\10\\Lib\\10.0.26100.0\\um\\x64\\advapi32.lib" "C:\\Progr
am Files (x86)\\Windows Kits\\10\\Lib\\10.0.26100.0\\um\\x64\\kernel32.lib" "C:\\Program Files (x86)\\Windows Kits\\10\\Lib\\10.0.26100.0\\um\\x64\\kernel32.lib" "C:\\Program File
s (x86)\\Windows Kits\\10\\Lib\\10.0.26100.0\\um\\x64\\kernel32.lib" "C:\\Program Files (x86)\\Windows Kits\\10\\Lib\\10.0.26100.0\\um\\x64\\ntdll.lib" "C:\\Program Files (x86)\\W
indows Kits\\10\\Lib\\10.0.26100.0\\um\\x64\\userenv.lib" "C:\\Program Files (x86)\\Windows Kits\\10\\Lib\\10.0.26100.0\\um\\x64\\ws2_32.lib" "C:\\Program Files (x86)\\Windows Kit
s\\10\\Lib\\10.0.26100.0\\um\\x64\\dbghelp.lib" "/defaultlib:msvcrt" "/NXCOMPAT" "/LIBPATH:C:\\Program Files (x86)\\Microsoft Visual Studio\\2022\\BuildTools\\VC\\Tools\\MSVC\\14.
44.35207\\lib\\x64" "/LIBPATH:C:\\Program Files (x86)\\Windows Kits\\10\\Lib\\10.0.26100.0\\um\\x64" "/LIBPATH:C:\\Program Files (x86)\\Windows Kits\\10\\Lib\\10.0.26100.0\\ucrt\\
x64" "/LIBPATH:D:\\projects\\redis-rust\\target\\debug\\build\\mlua-sys-2d19b38db0aefdb3\\out\\lua-build\\lib" "/OUT:D:\\projects\\redis-rust\\target\\debug\\deps\\redis_rust-25ef
22294b032854.exe" "/OPT:REF,NOICF" "/DEBUG" "/PDBALTPATH:%_PDB%" "/NATVIS:<sysroot>\\lib\\rustlib\\etc\\intrinsic.natvis" "/NATVIS:<sysroot>\\lib\\rustlib\\etc\\liballoc.natvis" "
/NATVIS:<sysroot>\\lib\\rustlib\\etc\\libcore.natvis" "/NATVIS:<sysroot>\\lib\\rustlib\\etc\\libstd.natvis"
  = note: some arguments are omitted. use `--verbose` to show all linker arguments
  = note: LINK : fatal error LNK1104: 鏃犳硶鎵撳紑鏂囦欢鈥淒:\projects\redis-rust\target\debug\deps\redis_rust-25ef22294b032854.exe鈥?
          

warning: `redis-rust` (lib test) generated 8 warnings
error: could not compile `redis-rust` (lib test) due to 1 previous error; 8 warnings emitted
